{
  "statements": [
    {
      "Profit": "12089000000",
      "ForecastDividendPerShare1stQuarter": "",
      "ForecastDividendPerShareFiscalYearEnd": "26.0",
      "NumberOfIssuedAndOutstandingSharesAtTheEndOfFiscalYearIncludingTreasuryStock": "528578441",
      "ForecastDividendPerShareAnnual": "52.0",
      "ForecastNetSales": "132500000000",
      "ChangesBasedOnRevisionsOfAccountingStandard": "false",
      "ResultDividendPerShareFiscalYearEnd": "",
      "CurrentFiscalYearStartDate": "2022-04-01",
      "MaterialChangesInSubsidiaries": "false",
      "AverageNumberOfShares": "527204054",
      "OrdinaryProfit": "17790000000",
      "ChangesInAccountingEstimates": "false",
      "DisclosedDate": "2022-07-27",
      "ForecastDividendPerShare3rdQuarter": "－",
      "CurrentFiscalYearEndDate": "2023-03-31",
      "CurrentPeriodEndDate": "2022-06-30",
      "ForecastDividendPerShare2ndQuarter": "26.0",
      "EquityToAssetRatio": "0.004",
      "TotalAssets": "76048180000000",
      "OperatingProfit": "17777000000",
      "DisclosureNumber": "20220726504583",
      "ApplyingOfSpecificAccountingOfTheQuarterlyFinancialStatements": "",
      "ForecastEarningsPerShare": "85.42",
      "NumberOfTreasuryStockAtTheEndOfFiscalYear": "1938843",
      "ResultDividendPerShare2ndQuarter": "",
      "LocalCode": "86970",
      "TypeOfDocument": "1QFinancialStatements_Consolidated_IFRS",
      "ForecastOperatingProfit": "65500000000",
      "ResultDividendPerShareAnnual": "",
      "ForecastOrdinaryProfit": "65500000000",
      "ForecastProfit": "45000000000",
      "EarningsPerShare": "22.93",
      "DisclosedUnixTime": "1658923200.0",
      "Equity": "310098000000",
      "NetSales": "33576000000",
      "ChangesOtherThanOnesBasedOnRevisionsOfAccountingStandard": "false",
      "ResultDividendPerShare3rdQuarter": "",
      "BookValuePerShare": "",
      "ResultDividendPerShare1stQuarter": "－",
      "TypeOfCurrentPeriod": "1Q",
      "DisclosedTime": "12:00:00",
      "RetrospectiveRestatement": ""
    }
  ]
}